1.
oracle企业管理器启动：
[oracle@ctos oracle]$ emctl start dbconsoleOracle Enterprise Manager 11g Database Control Release 11.2.0.1.0 
Copyright (c) 1996, 2009 Oracle Corporation.  All rights reserved.
https://ctos:1158/em/console/aboutApplication
 - An instance of Oracle Enterprise Manager 11g Database Control is already running. 
企业管理器登录地址：
https://192.168.118.128:1158/em/
别忘了设置或关闭防火墙，要不然访问的地址是不允许访问的
2.
oracle配置助手：
$ netca
====================
＋＋关闭数据库：
SQL> shutdown immediate
Database closed.
Database dismounted.
ORACLE instance shut down.
＋＋startup nomount
startup
nomount选项启动实例，但不安装数据库。当数据库以这个模式启动时，参数文件被读取；后台进程和内存结构被启动；但它们不被附加或与数据库的磁盘结构进行通信。当实例处于这个状态时，数据库是不可使用的。
SQL> startup nomount;
ORACLE instance started.

Total System Global Area  839282688 bytes
Fixed Size                  2217992 bytes
Variable Size             591398904 bytes
Database Buffers          239075328 bytes
Redo Buffers                6590464 bytes

＋＋当我们用命令查询数据表时，发现不能操作：
SQL> select * from student;
select * from student
              *
ERROR at line 1:
ORA-01219: database not open: queries allowed on fixed tables/views only


＋＋我们重新关闭并用默认的加载数据库方式进行启动，发现多了加载和打开数据库两个操作
SQL> shutdown immediate;
ORA-01507: database not mounted


ORACLE instance shut down.
SQL> startup 
ORACLE instance started.

Total System Global Area  839282688 bytes
Fixed Size                  2217992 bytes
Variable Size             591398904 bytes
Database Buffers          239075328 bytes
Redo Buffers                6590464 bytes
Database mounted.
Database opened.
++这时我们再查询操作，发现数据库是可以进行操作的：
SQL> select * from student;

SNO        SNAME            SAGE SSEX
---------- ---------- ---------- ----------
s001       张三               23 男
s002       李四               23 男
s003       吴鹏               25 男
s004       琴沁               20 女
s005       王丽               20 女
s006       李波               21 男
s007       刘玉               21 男
s008       萧蓉               21 女
s009       陈萧晓             23 女
s010       陈美               22 女

10 rows selected.

++当然如果数据库格式显示有问题，则要对字段宽度显示作个设置。

++startup mount
＋＋停止数据库时有关闭和卸载过程，这是因为打开时作了加载和打开操作：
++startup mount命令启动数据库实例，加载数据库，但不打开数据库：
SQL> shutdown immediate
Database closed.
Database dismounted.
ORACLE instance shut down.
SQL> startup mount
ORACLE instance started.

Total System Global Area  839282688 bytes
Fixed Size                  2217992 bytes
Variable Size             603981816 bytes
Database Buffers          226492416 bytes
Redo Buffers                6590464 bytes
Database mounted.
SQL> 

++startup mount启动的命令执行关闭样貌
SQL> shutdown immediate
ORA-01109: database not open


Database dismounted.
ORACLE instance shut down.

++startup [open]
SQL> startup open
ORACLE instance started.

Total System Global Area  839282688 bytes
Fixed Size                  2217992 bytes
Variable Size             603981816 bytes
Database Buffers          226492416 bytes
Redo Buffers                6590464 bytes
Database mounted.
Database opened.
SQL> shutdown immediate
Database closed.
Database dismounted.
ORACLE instance shut down.
++或如下这样执行：
SQL> startup
ORACLE instance started.

Total System Global Area  839282688 bytes
Fixed Size                  2217992 bytes
Variable Size             603981816 bytes
Database Buffers          226492416 bytes
Redo Buffers                6590464 bytes
Database mounted.
Database opened.
＋＋startup 执行关闭样貌
SQL> shutdown immediate
Database closed.
Database dismounted.
lORACLE instance shut down.
============
SQL>startup force
++startup force强制启动，在其他启动选项都不可用的情况下
ORACLE instance started.

Total System Global Area  839282688 bytes
Fixed Size                  2217992 bytes
Variable Size             603981816 bytes
Database Buffers          226492416 bytes
Redo Buffers                6590464 bytes
Database mounted.
Database opened.

======================
＋＋关闭数据库实例：
++shutdown normal
++禁止新连接，等当前用户主动断开连接，然后关闭数据库
SQL> shutdown normal
Database closed.
Database dismounted.
ORACLE instance shut down.

++shutdown transactional
++保持现有事物能进行提交，阻止新连接和阻止新事物，当所有用户都进行完事物提交后，断开用户连接，然后关闭数据库
SQL> shutdown transactional
Database closed.
Database dismounted.
ORACLE instance shut down.

++shutdown immediate
++将用户的事物回退，并关闭连接，关闭数据库
SQL> shutdown immediate
Database closed.
Database dismounted.
ORACLE instance shut down.

++shutdown abort
＋＋阻止新用户建立连接和阻止新事物，取消提交的事物，但不回滚，断开用户连接，关闭数据库 
SQL> shutdown abort 
ORACLE instance shut down.


