1.
oracle企业管理器启动：
[oracle@ctos oracle]$ emctl start dbconsole
Oracle Enterprise Manager 11g Database Control Release 11.2.0.1.0 
Copyright (c) 1996, 2009 Oracle Corporation.  All rights reserved.
https://ctos:1158/em/console/aboutApplication
 - An instance of Oracle Enterprise Manager 11g Database Control is already running. 
企业管理器登录地址：
https://192.168.118.128:1158/em/
别忘了设置或关闭防火墙，要不然访问的地址是不允许访问的
2.
oracle配置助手：
$ netca
====================
＋＋关闭数据库：
SQL> shutdown immediate
Database closed.
Database dismounted.
ORACLE instance shut down.
＋＋startup nomount
startup
nomount选项启动实例，但不安装数据库。当数据库以这个模式启动时，参数文件被读取；后台进程和内存结构被启动；但它们不被附加或与数据库的磁盘结构进行通信。当实例处于这个状态时，数据库是不可使用的。
SQL> startup nomount;
ORACLE instance started.

Total System Global Area  839282688 bytes
Fixed Size                  2217992 bytes
Variable Size             591398904 bytes
Database Buffers          239075328 bytes
Redo Buffers                6590464 bytes

＋＋当我们用命令查询数据表时，发现不能操作：
SQL> select * from student;
select * from student
              *
ERROR at line 1:
ORA-01219: database not open: queries allowed on fixed tables/views only


＋＋我们重新关闭并用默认的加载数据库方式进行启动，发现多了加载和打开数据库两个操作
SQL> shutdown immediate;
ORA-01507: database not mounted


ORACLE instance shut down.
SQL> startup 
ORACLE instance started.

Total System Global Area  839282688 bytes
Fixed Size                  2217992 bytes
Variable Size             591398904 bytes
Database Buffers          239075328 bytes
Redo Buffers                6590464 bytes
Database mounted.
Database opened.
++这时我们再查询操作，发现数据库是可以进行操作的：
SQL> select * from student;

SNO        SNAME            SAGE SSEX
---------- ---------- ---------- ----------
s001       张三               23 男
s002       李四               23 男
s003       吴鹏               25 男
s004       琴沁               20 女
s005       王丽               20 女
s006       李波               21 男
s007       刘玉               21 男
s008       萧蓉               21 女
s009       陈萧晓             23 女
s010       陈美               22 女

10 rows selected.

++当然如果数据库格式显示有问题，则要对字段宽度显示作个设置。

++startup mount
＋＋停止数据库时有关闭和卸载过程，这是因为打开时作了加载和打开操作：
++startup mount命令启动数据库实例，加载数据库，但不打开数据库：
SQL> shutdown immediate
Database closed.
Database dismounted.
ORACLE instance shut down.
SQL> startup mount
ORACLE instance started.

Total System Global Area  839282688 bytes
Fixed Size                  2217992 bytes
Variable Size             603981816 bytes
Database Buffers          226492416 bytes
Redo Buffers                6590464 bytes
Database mounted.
SQL> 

++startup mount启动的命令执行关闭样貌
SQL> shutdown immediate
ORA-01109: database not open


Database dismounted.
ORACLE instance shut down.

++startup [open]
SQL> startup open
ORACLE instance started.

Total System Global Area  839282688 bytes
Fixed Size                  2217992 bytes
Variable Size             603981816 bytes
Database Buffers          226492416 bytes
Redo Buffers                6590464 bytes
Database mounted.
Database opened.
SQL> shutdown immediate
Database closed.
Database dismounted.
ORACLE instance shut down.
++或如下这样执行：
SQL> startup
ORACLE instance started.

Total System Global Area  839282688 bytes
Fixed Size                  2217992 bytes
Variable Size             603981816 bytes
Database Buffers          226492416 bytes
Redo Buffers                6590464 bytes
Database mounted.
Database opened.
＋＋startup 执行关闭样貌
SQL> shutdown immediate
Database closed.
Database dismounted.
lORACLE instance shut down.
============
SQL>startup force
++startup force强制启动，在其他启动选项都不可用的情况下
ORACLE instance started.

Total System Global Area  839282688 bytes
Fixed Size                  2217992 bytes
Variable Size             603981816 bytes
Database Buffers          226492416 bytes
Redo Buffers                6590464 bytes
Database mounted.
Database opened.

======================
＋＋关闭数据库实例：
++shutdown normal
++禁止新连接，等当前用户主动断开连接，然后关闭数据库
SQL> shutdown normal
Database closed.
Database dismounted.
ORACLE instance shut down.

++shutdown transactional
++保持现有事物能进行提交，阻止新连接和阻止新事物，当所有用户都进行完事物提交后，断开用户连接，然后关闭数据库
SQL> shutdown transactional
Database closed.
Database dismounted.
ORACLE instance shut down.

++shutdown immediate
++将用户的事物回退，并关闭连接，关闭数据库
SQL> shutdown immediate
Database closed.
Database dismounted.
ORACLE instance shut down.

++shutdown abort
＋＋阻止新用户建立连接和阻止新事物，取消提交的事物，但不回滚，断开用户连接，关闭数据库 
SQL> shutdown abort 
ORACLE instance shut down.

=================
++oracle标准块大小查看：
SQL> column name format a30
SQL> column value format a20
SQL> r  
  1  select name, value
  2  from v$parameter
  3* where name = 'db_block_size'

NAME                           VALUE
------------------------------ --------------------
db_block_size                  8192
===================
＋＋查询数据库字典信息：
SQL> column table_name format a30
SQL> column comments format a30
SQL> select * from dict;
/* 结果只展示最后几行 */
TABLE_NAME                     COMMENTS
------------------------------ ------------------------------
V$MVREFRESH                    Synonym for V_$MVREFRESH
V$SQL_BIND_CAPTURE             Synonym for V_$SQL_BIND_CAPTUR
                               E

GV$SQL_BIND_CAPTURE            Synonym for GV_$SQL_BIND_CAPTU
                               RE

ALL_OLAP2_AWS                  Synonym for ALL$OLAP2_AWS

2553 rows selected.

===================
++查询数据库内部系统表信息：
SQL> column view_name format a30
SQL> column view_difinition format a30
SQL> select * from v$fixed_view_definition;
/* 结果只展示最后几行 */
VIEW_NAME                      VIEW_DEFINITION
------------------------------ ------------------------------
                               sabled_knlasg  FROM x$knlasg

V$STREAMS_POOL_STATISTICS      SELECT TOTAL_MEMORY_ALLOCATED,
                                CURRENT_SIZE, SGA_TARGET_VALU
                               E,         SHRINK_PHASE, ADVIC
                               E_DISABLED  FROM   GV$STREAMS_
                               POOL_STATISTICS WHERE  INST_ID
                                = USERENV('Instance')


1023 rows selected.

===================
++查询oracle系统文件信息：
SQL> select file_name, tablespace_name       
  2  from dba_data_files;

FILE_NAME
--------------------------------------------------
TABLESPACE_NAME
------------------------------------------------------------------------------------------
/home/oracle/app/oradata/orcl/users01.dbf
USERS

/home/oracle/app/oradata/orcl/undotbs01.dbf
UNDOTBS1

/home/oracle/app/oradata/orcl/sysaux01.dbf
SYSAUX


FILE_NAME
--------------------------------------------------
TABLESPACE_NAME
------------------------------------------------------------------------------------------
/home/oracle/app/oradata/orcl/system01.dbf
SYSTEM

=======================
++系统表查询：
SQL> select * from dba_data_files;

FILE_NAME                                             FILE_ID
-------------------------------------------------- ----------
TABLESPACE_NAME
------------------------------------------------------------------------------------------
     BYTES     BLOCKS STATUS                      RELATIVE_FNO AUTOEXTEN
MAXBYTES  MAXBLOCKS
---------- ---------- --------------------------- ------------ ---------
---------- ----------
INCREMENT_BY USER_BYTES USER_BLOCKS ONLINE_STATUS
------------ ---------- ----------- ---------------------
/home/oracle/app/oradata/orcl/users01.dbf                   4
USERS
   5242880        640 AVAILABLE                              4 YES  3.4360E+10
4194302
         160    4194304         512 ONLINE


FILE_NAME                                             FILE_ID
-------------------------------------------------- ----------
TABLESPACE_NAME
------------------------------------------------------------------------------------------
     BYTES     BLOCKS STATUS                      RELATIVE_FNO AUTOEXTEN
MAXBYTES  MAXBLOCKS
---------- ---------- --------------------------- ------------ ---------
---------- ----------
INCREMENT_BY USER_BYTES USER_BLOCKS ONLINE_STATUS
------------ ---------- ----------- ---------------------
/home/oracle/app/oradata/orcl/undotbs01.dbf                 3
UNDOTBS1
  99614720      12160 AVAILABLE                              3 YES  3.4360E+10
4194302
         640   98566144       12032 ONLINE


FILE_NAME                                             FILE_ID
-------------------------------------------------- ----------
TABLESPACE_NAME
------------------------------------------------------------------------------------------
     BYTES     BLOCKS STATUS                      RELATIVE_FNO AUTOEXTEN
MAXBYTES  MAXBLOCKS
---------- ---------- --------------------------- ------------ ---------
---------- ----------
INCREMENT_BY USER_BYTES USER_BLOCKS ONLINE_STATUS
------------ ---------- ----------- ---------------------
/home/oracle/app/oradata/orcl/sysaux01.dbf                  2
SYSAUX
 576716800      70400 AVAILABLE                              2 YES  3.4360E+10
4194302
        1280  575668224       70272 ONLINE


FILE_NAME                                             FILE_ID
-------------------------------------------------- ----------
TABLESPACE_NAME
------------------------------------------------------------------------------------------
     BYTES     BLOCKS STATUS                      RELATIVE_FNO AUTOEXTEN
MAXBYTES  MAXBLOCKS
---------- ---------- --------------------------- ------------ ---------
---------- ----------
INCREMENT_BY USER_BYTES USER_BLOCKS ONLINE_STATUS
------------ ---------- ----------- ---------------------
/home/oracle/app/oradata/orcl/system01.dbf                  1
SYSTEM
 713031680      87040 AVAILABLE                              1 YES  3.4360E+10
4194302
        1280  711983104       86912 SYSTEM


＋＋系统临时表：
SQL> select * from dba_temp_files;

FILE_NAME                                             FILE_ID
-------------------------------------------------- ----------
TABLESPACE_NAME
------------------------------------------------------------------------------------------
     BYTES     BLOCKS STATUS                RELATIVE_FNO AUTOEXTEN   MAXBYTES
MAXBLOCKS
---------- ---------- --------------------- ------------ --------- ----------
----------
INCREMENT_BY USER_BYTES USER_BLOCKS
------------ ---------- -----------
/home/oracle/app/oradata/orcl/temp01.dbf                    1
TEMP
  30408704       3712 ONLINE                           1 YES
3.4360E+10    4194302
          80   29360128        3584

======================
++系统空间名字对应文件名：
SQL> r
  1* select file_name, tablespace_name from dba_data_files

FILE_NAME
--------------------------------------------------
TABLESPACE_NAME
------------------------------------------------------------------------------------------
/home/oracle/app/oradata/orcl/users01.dbf
USERS

/home/oracle/app/oradata/orcl/undotbs01.dbf
UNDOTBS1

/home/oracle/app/oradata/orcl/sysaux01.dbf
SYSAUX


FILE_NAME
--------------------------------------------------
TABLESPACE_NAME
------------------------------------------------------------------------------------------
/home/oracle/app/oradata/orcl/system01.dbf
SYSTEM


++临时表空间及其文件名：
SQL> select file_name, tablespace_name 
  2  from dba_temp_files;

FILE_NAME
--------------------------------------------------
TABLESPACE_NAME
------------------------------------------------------------------------------------------
/home/oracle/app/oradata/orcl/temp01.dbf
TEMP
++控制文件：
SQL> column name format a60
SQL> select name from v$controlfile;  

NAME
------------------------------------------------------------
/home/oracle/app/oradata/orcl/control01.ctl
/home/oracle/app/recovery_area/orcl/control02.ctl

===================
＋＋查看oracle日志文件：
SQL> column member format a50
SQL> select member from v$logfile;

MEMBER
--------------------------------------------------
/home/oracle/app/oradata/orcl/redo03.log
/home/oracle/app/oradata/orcl/redo02.log
/home/oracle/app/oradata/orcl/redo01.log

======================
++查看oracle数据库是否采用日志归档：
SQL> select dbid, name, log_mode from v$database;

      DBID NAME                           LOG_MODE
---------- ------------------------------ ------------------------------------
1460352071 ORCL                           NOARCHIVELOG

====================
++查看归档文件所在的路径：
SQL> set pagesize 30;
SQL> show parameter log_archive_dest;

NAME                                 TYPE
------------------------------------ ---------------------------------
VALUE
------------------------------
log_archive_dest                     string

log_archive_dest_1                   string

log_archive_dest_10                  string

log_archive_dest_11                  string

log_archive_dest_12                  string

log_archive_dest_13                  string

log_archive_dest_14                  string

log_archive_dest_15                  string

log_archive_dest_16                  string

log_archive_dest_17                  string

log_archive_dest_18                  string

log_archive_dest_19                  string

log_archive_dest_2                   string

NAME                                 TYPE
------------------------------------ ---------------------------------
VALUE
------------------------------

log_archive_dest_20                  string

log_archive_dest_21                  string

log_archive_dest_22                  string

log_archive_dest_23                  string

log_archive_dest_24                  string

log_archive_dest_25                  string

log_archive_dest_26                  string

log_archive_dest_27                  string

log_archive_dest_28                  string

log_archive_dest_29                  string

log_archive_dest_3                   string

log_archive_dest_30                  string


NAME                                 TYPE
------------------------------------ ---------------------------------
VALUE
------------------------------
log_archive_dest_31                  string

log_archive_dest_4                   string

log_archive_dest_5                   string

log_archive_dest_6                   string

log_archive_dest_7                   string

log_archive_dest_8                   string

log_archive_dest_9                   string

log_archive_dest_state_1             string
enable
log_archive_dest_state_10            string
enable
log_archive_dest_state_11            string
enable
log_archive_dest_state_12            string
enable
log_archive_dest_state_13            string
enable
log_archive_dest_state_14            string

NAME                                 TYPE
------------------------------------ ---------------------------------
VALUE
------------------------------
enable
log_archive_dest_state_15            string
enable
log_archive_dest_state_16            string
enable
log_archive_dest_state_17            string
enable
log_archive_dest_state_18            string
enable
log_archive_dest_state_19            string
enable
log_archive_dest_state_2             string
enable
log_archive_dest_state_20            string
enable
log_archive_dest_state_21            string
enable
log_archive_dest_state_22            string
enable
log_archive_dest_state_23            string
enable
log_archive_dest_state_24            string
enable
log_archive_dest_state_25            string
enable

NAME                                 TYPE
------------------------------------ ---------------------------------
VALUE
------------------------------
log_archive_dest_state_26            string
enable
log_archive_dest_state_27            string
enable
log_archive_dest_state_28            string
enable
log_archive_dest_state_29            string
enable
log_archive_dest_state_3             string
enable
log_archive_dest_state_30            string
enable
log_archive_dest_state_31            string
enable
log_archive_dest_state_4             string
enable
log_archive_dest_state_5             string
enable
log_archive_dest_state_6             string
enable
log_archive_dest_state_7             string
enable
log_archive_dest_state_8             string
enable
log_archive_dest_state_9             string

NAME                                 TYPE
------------------------------------ ---------------------------------
VALUE
------------------------------
enable
=====================
＋＋查看参数值，能否被修改以及是否被修改过：
SQL> r
  1  select name, value, ismodified
  2* from v$parameter
NAME                           VALUE                          ISMODIFIED
------------------------------ ------------------------------
------------------------------
asm_preferred_read_failure_gro                                FALSE
ups

asm_diskgroups                                                FALSE
asm_power_limit                1                              FALSE
control_management_pack_access NONE                           FALSE
sqltune_category               DEFAULT                        FALSE
diagnostic_dest                /home/oracle/app               FALSE
tracefile_identifier                                          FALSE
max_dump_file_size             unlimited                      FALSE
trace_enabled                  TRUE                           FALSE

342 rows selected.

=====================
++查看服务器参数：

SQL> show parameter
NAME                                 TYPE
------------------------------------ ---------------------------------
VALUE
------------------------------
tracefile_identifier                 string

transactions                         integer
272
transactions_per_rollback_segment    integer
5
undo_management                      string
AUTO
undo_retention                       integer
900
undo_tablespace                      string
UNDOTBS1
use_indirect_data_buffers            boolean
FALSE
user_dump_dest                       string
/home/oracle/app/diag/rdbms/or
cl/orcl/trace
utl_file_dir                         string

workarea_size_policy                 string
AUTO
xml_db_events                        string
enable

==================
++查看sqlplus参数：
SQL> show all;
appinfo is OFF and set to "SQL*Plus"
arraysize 15
autocommit OFF
autoprint OFF
autorecovery OFF
autotrace OFF
blockterminator "." (hex 2e)
btitle OFF and is the first few characters of the next SELECT statement
cmdsep OFF
colsep " "
compatibility version NATIVE
concat "." (hex 2e)
copycommit 0
COPYTYPECHECK is ON
define "&" (hex 26)
describe DEPTH 1 LINENUM OFF INDENT ON
echo OFF
editfile "afiedt.buf"
embedded OFF
escape OFF
escchar OFF
exitcommit ON
FEEDBACK ON for 6 or more rows
flagger OFF
flush ON
heading ON
headsep "|" (hex 7c)
instance "local"
linesize 100
lno 28
loboffset 1
logsource ""
long 80
longchunksize 80
markup HTML OFF HEAD "<style type='text/css'> body {font:10pt
Arial,Helvetica,sans-serif; color:black; background:White;} p {font:10pt
Arial,Helvetica,sans-serif; color:black; background:White;} table,tr,td
{font:10pt Arial,Helvetica,sans-serif; color:Black; background:#f7f7e7;
padding:0px 0px 0px 0px; margin:0px 0px 0px 0px;} th {font:bold 10pt
Arial,Helvetica,sans-serif; color:#336699; background:#cccc99; padding:0px 0px
0px 0px;} h1 {font:16pt Arial,Helvetica,Geneva,sans-serif; color:#336699;
background-color:White; border-bottom:1px solid #cccc99; margin-top:0pt;
margin-bottom:0pt; padding:0px 0px 0px 0px;-
} h2 {font:bold 10pt Arial,Helvetica,Geneva,sans-serif; color:#336699;
background-color:White; margin-top:4pt; margin-bottom:0pt;} a {font:9pt
Arial,Helvetica,sans-serif; color:#663300; background:#ffffff; margin-top:0pt;
margin-bottom:0pt; vertical-align:top;}</style><title>SQL*Plus Report</title>"
BODY "" TABLE "border='1' width='90%' align='center' summary='Script output'"
SPOOL OFF ENTMAP ON PREFORMAT OFF
newpage 1
null ""
numformat ""
numwidth 10
pagesize 30
PAUSE is OFF
pno 28
recsep WRAP
recsepchar " " (hex 20)
release 1102000100
repfooter OFF and is NULL
repheader OFF and is NULL
securedcol is OFF
serveroutput OFF
shiftinout INVISIBLE
showmode OFF
spool OFF
sqlblanklines OFF
sqlcase MIXED
sqlcode 0
sqlcontinue "> "
sqlnumber ON
sqlpluscompatibility 11.2.0
sqlprefix "#" (hex 23)
sqlprompt "SQL> "
sqlterminator ";" (hex 3b)
suffix "sql"
tab ON
termout ON
timing OFF
trimout ON
trimspool OFF
ttitle OFF and is the first few characters of the next SELECT statement
underline "-" (hex 2d)
USER is "SYS"
verify ON
wrap : lines will be wrapped
errorlogging is OFF

===================
++查看某个系统参数方法：
SQL> show parameter db_block_size;

NAME                                 TYPE
------------------------------------ ---------------------------------
VALUE
------------------------------
db_block_size                        integer
8192
++设置系统参数方法：
++因为某些原因，修改参数失败了
SQL> alter system set db_block_size=8192;
alter system set db_block_size=8192
                 *
ERROR at line 1:
ORA-02095: specified initialization parameter cannot be modified

++密码文件：
 /home/oracle/app/oracle/product/11.2.0/dbhome_1/dbs/orapworcl
＋＋或是:
$ORACLE_HOME/dbs/orapworcl
/home/oracle/app/oracle/product/11.2.0/dbhome_1/dbs/orapworcl
$ORACLE_HOME/dbs/orapw<sid>

===============
++创建密码文件：
[oracle@ctos oracle]$ orapwd
file=/home/oracle/app/oracle/product/11.2.0/dbhome_1/dbs/orapwd_text
entries=40 password=123456
[oracle@ctos oracle]$ ls
/home/oracle/app/oracle/product/11.2.0/dbhome_1/dbs/orapwd_text
/home/oracle/app/oracle/product/11.2.0/dbhome_1/dbs/orapwd_text

